JOB ID: 272639
Working Directory: /user/home/zu20361/NLP-Primary-Care
Warning: you have pip-installed dependencies in your environment file, but you do not list pip itself as one of your conda dependencies.  Conda may not use the correct pip to install your packages, and they may end up in the wrong place.  Please add an explicit pip dependency.  I'm adding one for you, but still nagging you.
Start Time: Fri Dec 10 09:53:43 GMT 2021
loading codes from PE...
Downloading and preparing dataset description_dataset/default to /user/home/zu20361/.cache/huggingface/datasets/description_dataset/default-46fed755f57356b8/0.0.0/9a9f33ed1951859e6f0a536ab67cad76ef5b13196ce8d7b688334d25b0f51aa6...
Dataset description_dataset downloaded and prepared to /user/home/zu20361/.cache/huggingface/datasets/description_dataset/default-46fed755f57356b8/0.0.0/9a9f33ed1951859e6f0a536ab67cad76ef5b13196ce8d7b688334d25b0f51aa6. Subsequent calls will reuse this data.
classification_report:
                 precision    recall  f1-score   support

          blood       0.07      0.88      0.12         8
 cardiovascular       0.23      0.97      0.37        32
      digestive       0.26      0.95      0.40        44
            ear       0.28      1.00      0.44        11
      endocrine       0.13      1.00      0.23        24
            eye       0.03      1.00      0.07         5
         female       0.07      0.93      0.12        14
        general       0.06      1.00      0.12        14
           male       0.07      0.86      0.12         7
musculoskeletal       0.33      1.00      0.49        65
   neurological       0.09      1.00      0.16        20
      pregnancy       0.07      0.73      0.13        11
  psychological       0.21      1.00      0.35        50
    respiratory       0.30      1.00      0.46        37
           skin       0.14      1.00      0.25        32
     urological       0.25      0.89      0.40        18

      micro avg       0.15      0.97      0.26       392
      macro avg       0.16      0.95      0.26       392
   weighted avg       0.21      0.97      0.33       392
    samples avg       0.15      0.97      0.26       392

f1_score 0.2637180918046336
End Time: Fri Dec 10 09:56:48 GMT 2021
