JOB ID: 264646
Working Directory: /user/home/zu20361/NLP-Primary-Care
Start Time: Thu Dec 9 13:53:40 GMT 2021
loading codes from PE...
Downloading and preparing dataset description_dataset/default (download: Unknown size, generated: 2.07 MiB, post-processed: Unknown size, total: 2.07 MiB) to /user/home/zu20361/.cache/huggingface/datasets/description_dataset/default-a2d0abb6534a5099/0.0.0/4c048f6bc1501180d0c57dc4d2b8c0d9958946e6a0943b3c5b80a90f1d04b330...
Dataset description_dataset downloaded and prepared to /user/home/zu20361/.cache/huggingface/datasets/description_dataset/default-a2d0abb6534a5099/0.0.0/4c048f6bc1501180d0c57dc4d2b8c0d9958946e6a0943b3c5b80a90f1d04b330. Subsequent calls will reuse this data.
classification_report:
                 precision    recall  f1-score   support

          blood       0.06      1.00      0.11         8
 cardiovascular       0.32      0.84      0.46        32
      digestive       0.39      0.84      0.53        44
            ear       0.38      1.00      0.55        11
      endocrine       0.23      0.58      0.33        24
            eye       0.09      1.00      0.17         5
         female       0.16      0.79      0.27        14
        general       0.06      1.00      0.11        14
           male       0.07      0.71      0.13         7
musculoskeletal       0.70      0.86      0.77        65
   neurological       0.23      0.75      0.35        20
      pregnancy       0.26      0.64      0.37        11
  psychological       0.21      1.00      0.35        50
    respiratory       0.52      0.86      0.65        37
           skin       0.23      0.88      0.36        32
     urological       0.43      1.00      0.60        18

      micro avg       0.23      0.86      0.36       392
      macro avg       0.27      0.86      0.38       392
   weighted avg       0.36      0.86      0.47       392
    samples avg       0.25      0.87      0.37       392

f1_score 0.38190084665301416
roc_auc 0.8651570959646999
End Time: Thu Dec 9 13:59:07 GMT 2021
