JOB ID: 242080
Working Directory: /user/home/zu20361/NLP-Primary-Care
Warning: you have pip-installed dependencies in your environment file, but you do not list pip itself as one of your conda dependencies.  Conda may not use the correct pip to install your packages, and they may end up in the wrong place.  Please add an explicit pip dependency.  I'm adding one for you, but still nagging you.
Start Time: Wed Dec 8 10:22:31 GMT 2021
Downloading and preparing dataset description_dataset/default (download: Unknown size, generated: 2.07 MiB, post-processed: Unknown size, total: 2.07 MiB) to /user/home/zu20361/.cache/huggingface/datasets/description_dataset/default-a2d0abb6534a5099/0.0.0/4c048f6bc1501180d0c57dc4d2b8c0d9958946e6a0943b3c5b80a90f1d04b330...
Dataset description_dataset downloaded and prepared to /user/home/zu20361/.cache/huggingface/datasets/description_dataset/default-a2d0abb6534a5099/0.0.0/4c048f6bc1501180d0c57dc4d2b8c0d9958946e6a0943b3c5b80a90f1d04b330. Subsequent calls will reuse this data.
classification_report:
                 precision    recall  f1-score   support

          blood       0.17      0.88      0.29         8
 cardiovascular       0.38      0.81      0.52        32
      digestive       0.55      0.77      0.64        44
            ear       0.80      0.73      0.76        11
      endocrine       0.50      0.25      0.33        24
            eye       0.30      0.60      0.40         5
         female       0.47      0.50      0.48        14
        general       0.04      0.43      0.07        14
           male       0.40      0.86      0.55         7
musculoskeletal       0.73      0.82      0.77        65
   neurological       0.27      0.55      0.36        20
      pregnancy       0.43      0.27      0.33        11
  psychological       0.66      0.76      0.70        50
    respiratory       0.56      0.78      0.65        37
           skin       0.79      0.69      0.73        32
     urological       0.57      0.72      0.63        18

      micro avg       0.41      0.69      0.51       392
      macro avg       0.47      0.65      0.51       392
   weighted avg       0.55      0.69      0.59       392
    samples avg       0.44      0.73      0.52       392

f1_score 0.5145379414998191
roc_auc 0.8608854140871396
End Time: Wed Dec 8 10:23:55 GMT 2021
