JOB ID: 263168
Working Directory: /user/home/zu20361/NLP-Primary-Care
Warning: you have pip-installed dependencies in your environment file, but you do not list pip itself as one of your conda dependencies.  Conda may not use the correct pip to install your packages, and they may end up in the wrong place.  Please add an explicit pip dependency.  I'm adding one for you, but still nagging you.
Start Time: Thu Dec 9 09:35:50 GMT 2021
loading codes from PE...
Downloading and preparing dataset description_dataset/default (download: Unknown size, generated: 2.07 MiB, post-processed: Unknown size, total: 2.07 MiB) to /user/home/zu20361/.cache/huggingface/datasets/description_dataset/default-2a11493f48de10e1/0.0.0/4c048f6bc1501180d0c57dc4d2b8c0d9958946e6a0943b3c5b80a90f1d04b330...
Dataset description_dataset downloaded and prepared to /user/home/zu20361/.cache/huggingface/datasets/description_dataset/default-2a11493f48de10e1/0.0.0/4c048f6bc1501180d0c57dc4d2b8c0d9958946e6a0943b3c5b80a90f1d04b330. Subsequent calls will reuse this data.
classification_report:
                 precision    recall  f1-score   support

          blood       0.35      0.88      0.50         8
 cardiovascular       0.34      0.88      0.49        32
      digestive       0.51      0.66      0.57        44
            ear       0.82      0.82      0.82        11
      endocrine       0.25      0.67      0.37        24
            eye       0.20      0.60      0.30         5
         female       0.20      0.71      0.32        14
        general       0.08      0.29      0.12        14
           male       0.25      0.86      0.39         7
musculoskeletal       0.64      0.82      0.72        65
   neurological       0.14      0.50      0.21        20
      pregnancy       0.13      0.45      0.20        11
  psychological       0.39      0.84      0.53        50
    respiratory       0.64      0.81      0.71        37
           skin       0.45      0.78      0.57        32
     urological       0.50      0.28      0.36        18

      micro avg       0.36      0.72      0.48       392
      macro avg       0.37      0.68      0.45       392
   weighted avg       0.43      0.72      0.52       392
    samples avg       0.40      0.74      0.49       392

f1_score 4.490013485818657e-01
End Time: Thu Dec 9 09:36:33 GMT 2021
